nm-stage01-connecting01 nm-stage02-connecting01 nm-stage03-connecting01 nm-vpn-connecting01
nm-stage01-connecting02 nm-stage02-connecting02 nm-stage03-connecting02 nm-vpn-connecting02
nm-stage01-connecting03 nm-stage02-connecting03 nm-stage03-connecting03 nm-vpn-connecting03
nm-stage01-connecting04 nm-stage02-connecting04 nm-stage03-connecting04 nm-vpn-connecting04
nm-stage01-connecting05 nm-stage02-connecting05 nm-stage03-connecting05 nm-vpn-connecting05
nm-stage01-connecting06 nm-stage02-connecting06 nm-stage03-connecting06 nm-vpn-connecting06
nm-stage01-connecting07 nm-stage02-connecting07 nm-stage03-connecting07 nm-vpn-connecting07
nm-stage01-connecting08 nm-stage02-connecting08 nm-stage03-connecting08 nm-vpn-connecting08
nm-stage01-connecting09 nm-stage02-connecting09 nm-stage03-connecting09 nm-vpn-connecting09
nm-stage01-connecting10 nm-stage02-connecting10 nm-stage03-connecting10 nm-vpn-connecting10
nm-stage01-connecting11 nm-stage02-connecting11 nm-stage03-connecting11 nm-vpn-connecting11
process-working gnome-spinner

