app-launcher start-here
applications-accessories applications-utilities
applications-development emblem-development
application-games input-gaming
applications-graphics emblem-art
applications-internet emblem-web
applications-multimedia emblem-multimedia
applications-office emblem-marketing
camera-web camera-on
clock clock-applet
edit-redo edt-undo-rtl
edit-undo edit-redo-rtl
format-indent-less format-indent-more-rtl
format-indent-more format-indent-less-rtl
go-first go-last-rtl
go-last go-first-rtl
go-next go-previous-rtl
go-previous go-next-rtl
media-playlist-repeat media-playlist-repeat-rtl
media-seek-backward media-seek-forward-rtl
media-seek-forward media-seek-backward-rtl
media-skip-backward media-skip-forward-rtl
media-skip-forward media-skip-backward-rtl
network-error network-wired-disconnected
network-transmit-receive network-wired
network-wired-disconnected network-offline
notification notification-applet
pan-end pan-start-rtl
pan-start pan-end-rtl
preferences-system-bluetooth bluetooth
printer document-print
selection-end selection-start-rtl
selection-start selection-end-rtl
sidebar-hide pane-show
sidebar-show pane-hide
start-here-archlinux start-here
system-log-out brisk_system-log-out
system-run application-menu
view-list-compact icon-task-list task-list
